A51 MACRO ASSEMBLER  2                                                                    01/09/2019 00:12:41 PAGE     1


MACRO ASSEMBLER A51 V8.2.7.0
OBJECT MODULE PLACED IN .\Objects\2.obj
ASSEMBLER INVOKED BY: C:\Keil_v5\C51\BIN\A51.EXE 2.a51 SET(SMALL) DEBUG PRINT(.\Listings\2.lst) OBJECT(.\Objects\2.obj) EP

LOC  OBJ            LINE     SOURCE

0000                   1     ORG 0
                       2             
  00A0                 3                     LCD EQU P2
  00B5                 4                     RS BIT P3.5
  00B6                 5                     RW BIT P3.6
  00B7                 6                     EN BIT P3.7
0000 754031            7                     MOV 40H,#49
0003 754132            8                     MOV 41H,#50
0006 754233            9                     MOV 42H,#51
0009 754334           10                     MOV 43H,#52
                      11                     
000C 020080           12             LJMP MAIN2
                      13     ;;;;;;;;;;;;;;;;;;;;;;;;;;;;;;;;;;;;;;;;;;;;;;;;;;;;;;;;;;;;;;;;;;;;;;;;;;;;;;;;;;;;;;;;;;;
                             ;;;;;;;;;;;;;;;;;;;;;;;;;;;;;;;;;;;  
0023                  14             ORG 23H                                          
0023 020040           15                     LJMP SERIAL                                     
                      16             
0040                  17             ORG 40H
                      18             ;;;;;;;;;;;;;;;;;;;;;;;;;;;;;;;;;;;;;;;;;;;;;;;;;;;;;;;;;;;;;;;;;;;;;;;;;;;;;;;;;;;
                             ;;;;;;;;;;;;;;;;;;;;;;;;;;;;;;;;;;;;;;;;
0040                  19             SERIAL:                                  
0040 209905           20                     JB TI,TRANS1                     
0043 E599             21                     MOV A,SBUF                                              
0045 C298             22                     CLR RI                                   
0047 32               23                     RETI                                    
0048                  24                     TRANS1: 
0048 C299             25                     CLR TI                                  
004A 32               26                     RETI            
                      27     ;;;;;;;;;;;;;;;;;;;;;;;;;;;;;;;;;;;;;;;;;;;;;;;;;;;;;;;;;;;;;;;;;;;;;;;;;;;;;;;;;;;;;;;;;;;
                             ;;;;;;;;;;;;;;;;;;;;;;;;;;;;;;;;;;;;;;;;;;;;
0080                  28     ORG 80H                                                         
                      29     
0080                  30     MAIN2:
0080 758920           31                     MOV TMOD,#20H                   
0083 758DFD           32                     MOV TH1,#-3                              
0086 759850           33                     MOV SCON,#50H
0089 75A890           34                     MOV IE,#10010000B
008C D28E             35                     SETB TR1
008E 1202C0           36                     LCALL LLCDD_INI
                      37     
0091                  38     MAIN:                                            
0091 1202B7           39                     LCALL MODE_SELECTION
0094 B43006           40                     CJNE A,#48,MAIN1
0097 1200A3           41                     LCALL MODE1
009A 0203FB           42                     LJMP EXIT
009D 120101           43                     MAIN1: LCALL MODE2      
00A0 0203FB           44                     LJMP EXIT
                      45             
                      46             
                      47             ;;;;;;;;;;;;;;;;;;;;;;;;;;;;;;;;;;;;;;;;;;;;;;;;;;;;;;;;;;;;;;;;;;;;;;;;;;;;;;;;;;;
                             ;;;;;;;;;;;;;;;;;;;;;;;;;;;;;;;;;;;;;;;;;
                      48             
00A3                  49             MODE1:  
00A3 C000             50              PUSH 0
00A5 C001             51              PUSH 1
00A7 C002             52              PUSH 2
00A9 900367           53                     MOV DPTR,#MODE_1TABLE
00AC 120310           54                     LCALL TRANSFER_STRING
A51 MACRO ASSEMBLER  2                                                                    01/09/2019 00:12:41 PAGE     2

00AF 12033C           55                     LCALL DELAY1SEC
00B2                  56                     DO0_M1:
00B2 900375           57                     MOV DPTR,#ENTER_NUMBER
00B5 120310           58                     LCALL TRANSFER_STRING
00B8 60FE             59                     JZ $
00BA FA               60                     MOV R2,A
00BB 120304           61                     LCALL LCD_CLR
00BE BA2303           62                     CJNE R2,#35,DO1_M1
00C1 0200FA           63                     LJMP EXIT_MODE1
00C4                  64                     DO1_M1:
00C4 EA               65                     MOV A,R2
00C5 1202E2           66                     LCALL WRITEDATAONLCD
00C8 12033C           67                     LCALL DELAY1SEC
00CB 120304           68                     LCALL LCD_CLR
00CE 7400             69                     MOV A,#0H
00D0                  70                     DO5_M1:
00D0 7802             71                     MOV R0,#2
00D2 7910             72                     DO4_M1:         MOV R1,#16
00D4                  73                     DO2_M1:
00D4 60FE             74                     JZ $
00D6 B42E03           75                     CJNE A,#46,DO7_M1
00D9 0200F1           76                     LJMP DO3_M1
00DC                  77                     DO7_M1:
00DC 1202E2           78                     LCALL WRITEDATAONLCD
00DF 7400             79                     MOV A,#0H
00E1 D9F1             80                     DJNZ R1,DO2_M1
00E3 D806             81                     DJNZ R0,DO6_M1
00E5 120304           82                     LCALL LCD_CLR
00E8 0200D0           83                     LJMP DO5_M1
00EB                  84                     DO6_M1:
00EB 12030A           85                     LCALL LCD_2LINE
00EE 0200D2           86                     LJMP DO4_M1
00F1                  87                     DO3_M1:
00F1 12033C           88                     LCALL DELAY1SEC
00F4 12033C           89                     LCALL DELAY1SEC
00F7 0200B2           90                     LJMP DO0_M1                      
00FA                  91                     EXIT_MODE1:
00FA D002             92              POP 2
00FC D001             93              POP 1
00FE D000             94              POP 0
0100 22               95             RET
                      96             
                      97                             ;;;;;;;;;;;;;;;;;;;;;;;;;;;;;;;;;;;;;;;;;;;;;;;;;;;;;;;;;;;;;;;;;;;
                             ;;;;;;;;;;;;;;;;;;;;;;;;;;;;;;;;;;;;;;;;;;;;;;;;;;
                      98             
0101                  99             MODE2:  
0101 C000            100             PUSH 0
0103 C001            101             PUSH 1
0105 90036E          102                     MOV DPTR,#MODE_2TABLE
0108 120310          103                     LCALL TRANSFER_STRING
010B 12033C          104                     LCALL DELAY1SEC
010E                 105                     MODE_2_START:
010E 90038B          106                     MOV DPTR,#ENTER_CODE
0111 120310          107                     LCALL TRANSFER_STRING
0114 12033C          108                     LCALL DELAY1SEC
0117 60FE            109                     JZ $
0119 F8              110                     MOV R0,A
011A 120304          111                     LCALL LCD_CLR
011D E8              112                     MOV A,R0
011E B42303          113                     CJNE A,#35,DO0_M2
0121 0202B2          114                     LJMP EXIT_MODE2
0124                 115                     DO0_M2:
0124 F544            116                     MOV 44H,A
0126 742A            117                     MOV A,#42
0128 1202E2          118                     LCALL WRITEDATAONLCD
012B 7400            119                     MOV A,#0H
A51 MACRO ASSEMBLER  2                                                                    01/09/2019 00:12:41 PAGE     3

012D 60FE            120                     JZ $
012F B42303          121                     CJNE A,#35,DO1_M2
0132 0202B2          122                     LJMP EXIT_MODE2
0135                 123                     DO1_M2: 
0135 F545            124                     MOV 45H,A
0137 742A            125                     MOV A,#42
0139 1202E2          126                     LCALL WRITEDATAONLCD
013C 7400            127                     MOV A,#0H
013E 60FE            128                     JZ $
0140 B42303          129                     CJNE A,#35,DO2_M2
0143 0202B2          130                     LJMP EXIT_MODE2
0146                 131                     DO2_M2:
0146 F546            132                     MOV 46H,A
0148 742A            133                     MOV A,#42
014A 1202E2          134                     LCALL WRITEDATAONLCD
014D 7400            135                     MOV A,#0H
014F 60FE            136                     JZ $
0151 B42303          137                     CJNE A,#35,DO6_M2
0154 0202B2          138                     LJMP EXIT_MODE2
0157                 139                     DO6_M2:
0157 F547            140                     MOV 47H,A
0159 742A            141                     MOV A,#42
015B 1202E2          142                     LCALL WRITEDATAONLCD
015E 12033C          143                     LCALL DELAY1SEC
0161 E544            144                     MOV A,44H
0163 B54012          145                     CJNE A,40H,DO21_M2
0166 E545            146                     MOV A,45H
0168 B5410D          147                     CJNE A,41H,DO21_M2
016B E546            148                     MOV A,46H
016D B54208          149                     CJNE A,42H,DO21_M2
0170 E547            150                     MOV A,47H
0172 B54303          151                     CJNE A,43H,DO21_M2
0175 02017B          152                     LJMP DO20_M2
0178                 153                     DO21_M2:
0178 0202A3          154                     LJMP INCR_CODE
017B                 155                     DO20_M2:
017B 900396          156                     MOV DPTR,#DOOR_OPEN
017E 120310          157                     LCALL TRANSFER_STRING
0181 12033C          158                     LCALL DELAY1SEC
0184                 159                     DO10_M2:
0184 7400            160                     MOV A,#0H
0186 60FE            161                     JZ $
0188 B42303          162                     CJNE A,#35,DO7_M2
018B 0202B2          163                     LJMP EXIT_MODE2
018E                 164                     DO7_M2:
018E B42A30          165                     CJNE A,#42,DO8_M2
0191 7400            166                     MOV A,#0H
0193 B4001E          167                     CJNE A,#0,DO9_M2
0196 12033C          168                     LCALL DELAY1SEC
0199 B40018          169                     CJNE A,#0,DO9_M2
019C 12033C          170                     LCALL DELAY1SEC
019F B40012          171                     CJNE A,#0,DO9_M2
01A2 12033C          172                     LCALL DELAY1SEC
01A5 9003EF          173                     MOV DPTR,#DOOR_CLOSED
01A8 120310          174                     LCALL TRANSFER_STRING
01AB 12033C          175                     LCALL DELAY1SEC
01AE 12033C          176                     LCALL DELAY1SEC
01B1 02010E          177                     LJMP MODE_2_START
01B4                 178                     DO9_M2:
01B4 B430CD          179                     CJNE A,#48,DO10_M2
01B7 7400            180                     MOV A,#0H
01B9 60FE            181                     JZ $
01BB B42303          182                     CJNE A,#35,DO8_M2
01BE 0202B2          183                     LJMP EXIT_MODE2
01C1                 184                     DO8_M2:
01C1 B42AC0          185                     CJNE A,#42,DO10_M2
A51 MACRO ASSEMBLER  2                                                                    01/09/2019 00:12:41 PAGE     4

01C4 9003AF          186                     MOV DPTR,#OLD_CODE
01C7 120310          187                     LCALL TRANSFER_STRING
01CA 60FE            188                     JZ $
01CC B42303          189                     CJNE A,#35,DO11_M2
01CF 0202B2          190                     LJMP EXIT_MODE2
01D2                 191                     DO11_M2:
01D2 F544            192                     MOV 44H,A
01D4 120304          193                     LCALL LCD_CLR
01D7 742A            194                     MOV A,#42
01D9 1202E2          195                     LCALL WRITEDATAONLCD
01DC 7400            196                     MOV A,#0H
01DE 60FE            197                     JZ $
01E0 B42303          198                     CJNE A,#35,DO12_M2
01E3 0202B2          199                     LJMP EXIT_MODE2
01E6                 200                     DO12_M2:
01E6 F545            201                     MOV 45H,A
01E8 742A            202                     MOV A,#42
01EA 1202E2          203                     LCALL WRITEDATAONLCD
01ED 7400            204                     MOV A,#0H
01EF 60FE            205                     JZ $
01F1 B42303          206                     CJNE A,#35,DO13_M2
01F4 0202B2          207                     LJMP EXIT_MODE2
01F7                 208                     DO13_M2:
01F7 F546            209                     MOV 46H,A
01F9 742A            210                     MOV A,#42
01FB 1202E2          211                     LCALL WRITEDATAONLCD
01FE 7400            212                     MOV A,#0H
0200 60FE            213                     JZ $
0202 B42303          214                     CJNE A,#35,DO14_M2
0205 0202B2          215                     LJMP EXIT_MODE2
0208                 216                     DO14_M2:
0208 F547            217                     MOV 47H,A
020A 742A            218                     MOV A,#42
020C 1202E2          219                     LCALL WRITEDATAONLCD
020F 12033C          220                     LCALL DELAY1SEC
0212 E544            221                     MOV A,44H
0214 B54012          222                     CJNE A,40H,DO23_M2
0217 E545            223                     MOV A,45H
0219 B5410D          224                     CJNE A,41H,DO23_M2
021C E546            225                     MOV A,46H
021E B54208          226                     CJNE A,42H,DO23_M2
0221 E547            227                     MOV A,47H
0223 B54303          228                     CJNE A,43H,DO23_M2
0226 02022C          229                     LJMP DO22_M2
0229                 230                     DO23_M2:
0229 0202A3          231                     LJMP INCR_CODE
022C                 232                     DO22_M2:
022C 9003BE          233                     MOV DPTR,#PASS_CORR
022F 120310          234                     LCALL TRANSFER_STRING
0232 12033C          235                     LCALL DELAY1SEC
0235 9003CF          236                     MOV DPTR,#NEW_CODE
0238 120310          237                     LCALL TRANSFER_STRING
023B 60FE            238                     JZ $
023D F544            239                     MOV 44H,A
023F B42303          240                     CJNE A,#35,DO15_M2
0242 0202B2          241                     LJMP EXIT_MODE2
0245                 242                     DO15_M2:
0245 7400            243                     MOV A,#0H
0247 120304          244                     LCALL LCD_CLR
024A 742A            245                     MOV A,#42
024C 1202E2          246                     LCALL WRITEDATAONLCD
024F 7400            247                     MOV A,#0H
0251 60FE            248                     JZ $
0253 B42303          249                     CJNE A,#35,DO16_M2
0256 0202B2          250                     LJMP EXIT_MODE2
0259                 251                     DO16_M2:
A51 MACRO ASSEMBLER  2                                                                    01/09/2019 00:12:41 PAGE     5

0259 F545            252                     MOV 45H,A
025B 742A            253                     MOV A,#42
025D 1202E2          254                     LCALL WRITEDATAONLCD
0260 7400            255                     MOV A,#0H
0262 60FE            256                     JZ $
0264 B42303          257                     CJNE A,#35,DO17_M2
0267 0202B2          258                     LJMP EXIT_MODE2
026A                 259                     DO17_M2:
026A F546            260                     MOV 46H,A
026C 742A            261                     MOV A,#42
026E 1202E2          262                     LCALL WRITEDATAONLCD
0271 7400            263                     MOV A,#0H
0273 60FE            264                     JZ $
0275 B42303          265                     CJNE A,#35,DO18_M2
0278 0202B2          266                     LJMP EXIT_MODE2
027B                 267                     DO18_M2:
027B F547            268                     MOV 47H,A
027D 742A            269                     MOV A,#42
027F 1202E2          270                     LCALL WRITEDATAONLCD
0282 12033C          271                     LCALL DELAY1SEC
0285 E544            272                     MOV A,44H
0287 F540            273                     MOV 40H,A
0289 E545            274                     MOV A,45H
028B F541            275                     MOV 41H,A
028D E546            276                     MOV A,46H
028F F542            277                     MOV 42H,A
0291 E547            278                     MOV A,47H
0293 F543            279                     MOV 43H,A
0295 7400            280                     MOV A,#0H
0297 9003DE          281                     MOV DPTR,#PASS_CHANG
029A 120310          282                     LCALL TRANSFER_STRING
029D 12033C          283                     LCALL DELAY1SEC
02A0 02010E          284                     LJMP MODE_2_START
02A3                 285                     INCR_CODE:
02A3 9003A0          286                     MOV DPTR,#INCORRECT_CODE
02A6 120310          287                     LCALL TRANSFER_STRING
02A9 12033C          288                     LCALL DELAY1SEC
02AC 12033C          289                     LCALL DELAY1SEC
02AF 02010E          290                     LJMP MODE_2_START
02B2                 291                     EXIT_MODE2:
02B2 D001            292                     POP 1
02B4 D000            293                     POP 0
02B6 22              294             RET
                     295             
                     296                     ;;;;;;;;;;;;;;;;;;;;;;;;;;;;;;;;;;;;;;;;;;;;;;;;;;;;;;;;;;;;;;;;;;;;;;;;;;;
                             ;;;;;;;;;;;;;;;;;;;;;;;;;;;;;;;;;;;;;;;;;;;;;;;;;;;;
                     297             
02B7                 298             MODE_SELECTION:
02B7 900353          299                             MOV DPTR,#MODE_TABLE
02BA 120310          300                             LCALL TRANSFER_STRING
02BD 60FE            301                             JZ $
02BF 22              302             RET
                     303             
                     304             ;;;;;;;;;;;;;;;;;;;;;;;;;;;;;;;;;;;;;;;;;;;;;;;;;;;;;;;;;;;;;;;;;;;;;;;;;;;;;;;;;;;
                             ;;;;;;;;;;;;;;;;;;;;;;;;;;;;;;;;;;;;;;;;;;;
                     305             
02C0                 306             LLCDD_INI:
02C0 7438            307                     MOV A,#38H
02C2 1202D1          308                     LCALL COMMAND
02C5 1202F3          309                     LCALL DELAY_LCD
02C8 740F            310                     MOV A,#0FH
02CA 1202D1          311                     LCALL COMMAND
02CD 1202F3          312                     LCALL DELAY_LCD
02D0 22              313             RET
                     314             
                     315                     ;;;;;;;;;;;;;;;;;;;;;;;;;;;;;;;;;;;;;;;;;;;;;;;;;;;;;;;;;;;;;;;;;;;;;;;;;;;
A51 MACRO ASSEMBLER  2                                                                    01/09/2019 00:12:41 PAGE     6

                             ;;;;;;;;;;;;;;;;;;;;;;;;;;;;;;;;;;;;;;;;;;;;;;;
                     316             
02D1                 317             COMMAND:
02D1 F5A0            318                     MOV LCD,A
02D3 C2B5            319                     CLR RS
02D5 C2B6            320                     CLR RW
02D7 D2B7            321                     SETB EN
02D9 00              322                     NOP
02DA 00              323                     NOP
02DB 00              324                     NOP
02DC C2B7            325                     CLR EN
02DE 1202F3          326                     LCALL DELAY_LCD
02E1 22              327             RET
                     328             
                     329             ;;;;;;;;;;;;;;;;;;;;;;;;;;;;;;;;;;;;;;;;;;;;;;;;;;;;;;;;;;;;;;;;;;;;;;;;;;;;;;;;;;;
                             ;;;;;;;;;;;;;;;;;;;;;;;;;;;;;;;;;;;;;;;;;;;;;;;;;;;
                     330             
02E2                 331             WRITEDATAONLCD:
02E2 F5A0            332                     MOV LCD,A
02E4 D2B5            333                     SETB RS
02E6 C2B6            334                     CLR RW
02E8 D2B7            335                     SETB EN
02EA 00              336                     NOP
02EB 00              337                     NOP
02EC 00              338                     NOP
02ED C2B7            339                     CLR EN
02EF 1202F3          340                     LCALL DELAY_LCD
02F2 22              341             RET
                     342             
                     343                     ;;;;;;;;;;;;;;;;;;;;;;;;;;;;;;;;;;;;;;;;;;;;;;;;;;;;;;;;;;;;;;;;;;;;;;;;;;;
                             ;;;;;;;;;;;;;;;;;;;;;;;;;;;;;;;;;;;;;;;;;;;;;;;;;;;;;;;;;
                     344             
02F3                 345             DELAY_LCD:
02F3 C000            346                             PUSH 0                  
02F5 C001            347                             PUSH 1
02F7 7864            348                     MOV R0,#100
02F9                 349                     D1:
02F9 79FF            350                     MOV R1,#255
02FB D9FE            351                     DJNZ R1,$
02FD D8FA            352                     DJNZ R0,D1
02FF D001            353                             POP 1
0301 D000            354                             POP 0
0303 22              355             RET
                     356             
                     357                     
                     358             
0304                 359             LCD_CLR:
0304 7401            360                     MOV A,#01H
0306 1202D1          361                     LCALL COMMAND
0309 22              362             RET
                     363             
                     364             
                     365             
030A                 366             LCD_2LINE:
030A 74C0            367                     MOV A,#0C0H
030C 1202D1          368                     LCALL COMMAND
030F 22              369             RET
                     370             
                     371     ;;;;;;;;;;;;;;;;;;;;;;;;;;;;;;;;;;;;;;;;;;;;;;;;;;;;;;;;;;;;;;;;;;;;;;;;;;;;;;;;;;;;;;;;;;;
                             ;;;;;;;;;;;;;;;;;;;;;;;;;;;;;;;;;;;;;;;
                     372             
0310                 373             TRANSFER_STRING:
0310 C000            374             PUSH 0
0312 C001            375             PUSH 1
0314 120304          376                     LCALL LCD_CLR
0317 7400            377                     MOV A,#0H
A51 MACRO ASSEMBLER  2                                                                    01/09/2019 00:12:41 PAGE     7

0319                 378                     TS1:
0319 7802            379                     MOV R0,#2
031B 7910            380                     TS2:    MOV R1,#16
031D E4              381                     TS3:    CLR A
031E 93              382                     MOVC A,@A+DPTR
031F 6014            383                     JZ END_TS
0321 1202E2          384                     LCALL WRITEDATAONLCD
0324 A3              385                     INC DPTR
0325 D90C            386                     DJNZ R1,TS5
0327 D805            387                     DJNZ R0,TS4
0329 120304          388                     LCALL LCD_CLR
032C 80EB            389                     JMP TS1
032E 12030A          390                     TS4:    LCALL LCD_2LINE
0331 80E8            391                     JMP TS2
0333                 392                     TS5:
0333 80E8            393                     JMP TS3
0335                 394                     END_TS:
0335 7400            395             MOV A,#0H
0337 D001            396             POP 1
0339 D000            397             POP 0
033B 22              398             RET
                     399             
                     400             ;;;;;;;;;;;;;;;;;;;;;;;;;;;;;;;;;;;;;;;;;;;;;;;;;;;;;;;;;;;;;;;;;;;;;;;;;;;;;;;;;;;
                             ;;;;;;;;;;;;;;;;;;;;;;;;;;;;;;;;;;;;;;;;;;;;;;;
                     401             
033C                 402             DELAY1SEC:
033C 7814            403     MOV R0 , #20
033E 758901          404     MOV TMOD , #1
0341                 405     DDELAYY:
0341 758C4B          406     MOV TH0,#75
0344 758AFD          407     MOV TL0,#253
                     408     
0347 D28C            409     SETB TR0
0349 308DFD          410     AABC: JNB  TF0, AABC
034C C28D            411     CLR TF0
034E C28C            412     CLR TR0
0350 D8EF            413     DJNZ R0,DDELAYY
0352 22              414     RET;;;;;;;;;;;;;;;;;;;;;;;;;;;;;;;;;;;;;;;;;;;;;;;;;;;;;;;;;;;;;;;;;;;;;;;;;;;;;;;;;;;;;;;;
                             ;;;;;;;;;;;;;;;;;;;;;;;;;;;;;;;;
                     415             
                     416                     
                     417             
0353 456E7465        418                     MODE_TABLE:                     DB "Enter Mode (1 or 2)",0
0357 72204D6F                
035B 64652028                
035F 31206F72                
0363 20322900                
0367 4D4F4445        419                     MODE_1TABLE:            DB "MODE 1",0
036B 203100                  
036E 4D4F4445        420                     MODE_2TABLE:            DB "MODE 2",0
0372 203200                  
0375 456E7465        421                     ENTER_NUMBER:           DB "Enter Number (1 to 4)",0
0379 72204E75                
037D 6D626572                
0381 20283120                
0385 746F2034                
0389 2900                    
038B 456E7465        422                     ENTER_CODE:                     DB "Enter Code",0
038F 7220436F                
0393 646500                  
0396 446F6F72        423                     DOOR_OPEN:                      DB "Door Open",0
039A 204F7065                
039E 6E00                    
03A0 496E636F        424                     INCORRECT_CODE:         DB "Incorrect Code",0
03A4 72726563                
03A8 7420436F                
A51 MACRO ASSEMBLER  2                                                                    01/09/2019 00:12:41 PAGE     8

03AC 646500                  
03AF 456E7465        425                     OLD_CODE:                       DB "Enter Old Code",0
03B3 72204F6C                
03B7 6420436F                
03BB 646500                  
03BE 50617373        426                     PASS_CORR:                      DB "Password Correct",0
03C2 776F7264                
03C6 20436F72                
03CA 72656374                
03CE 00                      
03CF 456E7465        427                     NEW_CODE:                       DB "Enter New Code",0
03D3 72204E65                
03D7 7720436F                
03DB 646500                  
03DE 50617373        428                     PASS_CHANG:                     DB "Password Changed",0
03E2 776F7264                
03E6 20436861                
03EA 6E676564                
03EE 00                      
03EF 446F6F72        429                     DOOR_CLOSED:            DB "Door Closed",0
03F3 20436C6F                
03F7 73656400                
                     430             
                     431             
                     432             ;;;;;;;;;;;;;;;;;;;;;;;;;;;;;;;;;;;;;;;;;;;;;;;;;;;;;;;;;;;;;;;;;;;;;;;;;;;;;;;;;;;
                             ;;;;;;;;;;;;;;;;;;;;;;;;;;;;;;;
03FB                 433             EXIT:
03FB 020091          434             LJMP MAIN
                     435             
                     436             END
A51 MACRO ASSEMBLER  2                                                                    01/09/2019 00:12:41 PAGE     9

SYMBOL TABLE LISTING
------ ----- -------


N A M E             T Y P E  V A L U E   ATTRIBUTES

AABC . . . . . . .  C ADDR   0349H   A   
COMMAND. . . . . .  C ADDR   02D1H   A   
D1 . . . . . . . .  C ADDR   02F9H   A   
DDELAYY. . . . . .  C ADDR   0341H   A   
DELAY1SEC. . . . .  C ADDR   033CH   A   
DELAY_LCD. . . . .  C ADDR   02F3H   A   
DO0_M1 . . . . . .  C ADDR   00B2H   A   
DO0_M2 . . . . . .  C ADDR   0124H   A   
DO10_M2. . . . . .  C ADDR   0184H   A   
DO11_M2. . . . . .  C ADDR   01D2H   A   
DO12_M2. . . . . .  C ADDR   01E6H   A   
DO13_M2. . . . . .  C ADDR   01F7H   A   
DO14_M2. . . . . .  C ADDR   0208H   A   
DO15_M2. . . . . .  C ADDR   0245H   A   
DO16_M2. . . . . .  C ADDR   0259H   A   
DO17_M2. . . . . .  C ADDR   026AH   A   
DO18_M2. . . . . .  C ADDR   027BH   A   
DO1_M1 . . . . . .  C ADDR   00C4H   A   
DO1_M2 . . . . . .  C ADDR   0135H   A   
DO20_M2. . . . . .  C ADDR   017BH   A   
DO21_M2. . . . . .  C ADDR   0178H   A   
DO22_M2. . . . . .  C ADDR   022CH   A   
DO23_M2. . . . . .  C ADDR   0229H   A   
DO2_M1 . . . . . .  C ADDR   00D4H   A   
DO2_M2 . . . . . .  C ADDR   0146H   A   
DO3_M1 . . . . . .  C ADDR   00F1H   A   
DO4_M1 . . . . . .  C ADDR   00D2H   A   
DO5_M1 . . . . . .  C ADDR   00D0H   A   
DO6_M1 . . . . . .  C ADDR   00EBH   A   
DO6_M2 . . . . . .  C ADDR   0157H   A   
DO7_M1 . . . . . .  C ADDR   00DCH   A   
DO7_M2 . . . . . .  C ADDR   018EH   A   
DO8_M2 . . . . . .  C ADDR   01C1H   A   
DO9_M2 . . . . . .  C ADDR   01B4H   A   
DOOR_CLOSED. . . .  C ADDR   03EFH   A   
DOOR_OPEN. . . . .  C ADDR   0396H   A   
EN . . . . . . . .  B ADDR   00B0H.7 A   
END_TS . . . . . .  C ADDR   0335H   A   
ENTER_CODE . . . .  C ADDR   038BH   A   
ENTER_NUMBER . . .  C ADDR   0375H   A   
EXIT . . . . . . .  C ADDR   03FBH   A   
EXIT_MODE1 . . . .  C ADDR   00FAH   A   
EXIT_MODE2 . . . .  C ADDR   02B2H   A   
IE . . . . . . . .  D ADDR   00A8H   A   
INCORRECT_CODE . .  C ADDR   03A0H   A   
INCR_CODE. . . . .  C ADDR   02A3H   A   
LCD. . . . . . . .  D ADDR   00A0H   A   
LCD_2LINE. . . . .  C ADDR   030AH   A   
LCD_CLR. . . . . .  C ADDR   0304H   A   
LLCDD_INI. . . . .  C ADDR   02C0H   A   
MAIN . . . . . . .  C ADDR   0091H   A   
MAIN1. . . . . . .  C ADDR   009DH   A   
MAIN2. . . . . . .  C ADDR   0080H   A   
MODE1. . . . . . .  C ADDR   00A3H   A   
MODE2. . . . . . .  C ADDR   0101H   A   
MODE_1TABLE. . . .  C ADDR   0367H   A   
MODE_2TABLE. . . .  C ADDR   036EH   A   
MODE_2_START . . .  C ADDR   010EH   A   
MODE_SELECTION . .  C ADDR   02B7H   A   
MODE_TABLE . . . .  C ADDR   0353H   A   
A51 MACRO ASSEMBLER  2                                                                    01/09/2019 00:12:41 PAGE    10

NEW_CODE . . . . .  C ADDR   03CFH   A   
OLD_CODE . . . . .  C ADDR   03AFH   A   
P2 . . . . . . . .  D ADDR   00A0H   A   
P3 . . . . . . . .  D ADDR   00B0H   A   
PASS_CHANG . . . .  C ADDR   03DEH   A   
PASS_CORR. . . . .  C ADDR   03BEH   A   
RI . . . . . . . .  B ADDR   0098H.0 A   
RS . . . . . . . .  B ADDR   00B0H.5 A   
RW . . . . . . . .  B ADDR   00B0H.6 A   
SBUF . . . . . . .  D ADDR   0099H   A   
SCON . . . . . . .  D ADDR   0098H   A   
SERIAL . . . . . .  C ADDR   0040H   A   
TF0. . . . . . . .  B ADDR   0088H.5 A   
TH0. . . . . . . .  D ADDR   008CH   A   
TH1. . . . . . . .  D ADDR   008DH   A   
TI . . . . . . . .  B ADDR   0098H.1 A   
TL0. . . . . . . .  D ADDR   008AH   A   
TMOD . . . . . . .  D ADDR   0089H   A   
TR0. . . . . . . .  B ADDR   0088H.4 A   
TR1. . . . . . . .  B ADDR   0088H.6 A   
TRANS1 . . . . . .  C ADDR   0048H   A   
TRANSFER_STRING. .  C ADDR   0310H   A   
TS1. . . . . . . .  C ADDR   0319H   A   
TS2. . . . . . . .  C ADDR   031BH   A   
TS3. . . . . . . .  C ADDR   031DH   A   
TS4. . . . . . . .  C ADDR   032EH   A   
TS5. . . . . . . .  C ADDR   0333H   A   
WRITEDATAONLCD . .  C ADDR   02E2H   A   


REGISTER BANK(S) USED: 0 


ASSEMBLY COMPLETE.  0 WARNING(S), 0 ERROR(S)
