A51 MACRO ASSEMBLER  DELAY                                                                01/05/2019 17:55:01 PAGE     1


MACRO ASSEMBLER A51 V8.2.7.0
OBJECT MODULE PLACED IN .\Objects\delay.obj
ASSEMBLER INVOKED BY: C:\Keil_v5\C51\BIN\A51.EXE delay.a51 SET(SMALL) DEBUG PRINT(.\Listings\delay.lst) OBJECT(.\Objects
                      \delay.obj) EP

LOC  OBJ            LINE     SOURCE

0000                   1     DELAY: 
0000 7D07              2     mov r5,#7d
                       3     
0002                   4     a1:
0002 7EFF              5     MOV R6,#255D
0004 7FFF              6            MOV R7,#255D
0006 DEFE              7     LOOP1: DJNZ R6,LOOP1
0008 DFFC              8     LOOP2: DJNZ R7,LOOP1
000A DDF6              9     LOOP3: DJNZ R5,a1
*** WARNING #A41 IN 9 (delay.a51, LINE 9): MISSING 'END' STATEMENT
A51 MACRO ASSEMBLER  DELAY                                                                01/05/2019 17:55:01 PAGE     2

SYMBOL TABLE LISTING
------ ----- -------


N A M E             T Y P E  V A L U E   ATTRIBUTES

A1 . . . . . . . .  C ADDR   0002H   A   
DELAY. . . . . . .  C ADDR   0000H   A   
LOOP1. . . . . . .  C ADDR   0006H   A   
LOOP2. . . . . . .  C ADDR   0008H   A   
LOOP3. . . . . . .  C ADDR   000AH   A   


REGISTER BANK(S) USED: 0 


ASSEMBLY COMPLETE.  1 WARNING(S), 0 ERROR(S)
