A51 MACRO ASSEMBLER  U1                                                                   07/15/2021 21:38:15 PAGE     1


MACRO ASSEMBLER A51 V8.2.7.0
OBJECT MODULE PLACED IN .\Objects\u1.obj
ASSEMBLER INVOKED BY: C:\Keil_v5\C51\BIN\A51.EXE u1.a51 SET(SMALL) DEBUG PRINT(.\Listings\u1.lst) OBJECT(.\Objects\u1.ob
                      j) EP

LOC  OBJ            LINE     SOURCE

0000                   1     ORG 00H
0000 755031            2             mov 50h,#'1'
0003 755132            3     mov 51h,#'2'
0006 755233            4     mov 52h,#'3'
0009 755334            5     mov 53h,#'4'
                       6     
000C 8011              7     jmp start
000E                   8     delayinkeypad:
000E 7B08              9     mov r3,#08h
0010                  10     df1s:
0010 7AFF             11     mov r2,#0ffh
0012                  12     d1s:
0012 79FF             13     mov r1,#0ffh
0014                  14     de1s:
0014 D9FE             15     djnz r1,de1s
0016 DAFA             16     djnz r2,d1s
0018 DBF6             17     djnz r3,df1s
001A 22               18     ret
001B                  19     start0:
001B 7423             20     mov a,#'#'
001D 117B             21     acall transfer
001F                  22     start:
                      23             
                      24     ;mode selection through keypad
001F 74FF             25     MOV A,#11111111B  
0021 758000           26     MOV P0,#00000000B  
                      27     
0024 7590FF           28     BACK:MOV P1,#11111111B 
                      29     
0027 C290             30          CLR P1.0   
0029 209404           31          JB P1.4,NEXT1   
002C 7431             32          MOV A,#'1'    
002E 8007             33          jmp rrr   
0030                  34              NEXT1:
0030 2095F1           35     jb p1.5,back      
0033 7432             36           MOV A,#'2'
0035 8000             37           jmp rrr
                      38               
                      39     
0037                  40     rrr:
                      41     
0037 110E             42     acall delayinkeypad
                      43     
                      44     
                      45     
                      46     
                      47     
0039 758920           48     mov tmod,#20h
003C 758DFA           49     mov th1,#-6
003F 759850           50     mov scon,#50h
                      51     
0042 D28E             52     setb tr1
0044 117B             53     acall transfer
0046 B4313A           54     cjne a,#'1',pt2
0049                  55     ast:
0049 7465             56     mov a,#'e'
004B 117B             57     acall transfer
A51 MACRO ASSEMBLER  U1                                                                   07/15/2021 21:38:15 PAGE     2

004D 746E             58     mov a,#'n'
                      59     
004F 117B             60     acall transfer
0051 7474             61     mov a,#'t'
0053 117B             62     acall transfer
0055 7465             63     mov a,#'e'
0057 117B             64     acall transfer
0059 7472             65     mov a,#'r'
005B 117B             66     acall transfer
005D 7420             67     mov a,#' '
005F 117B             68     acall transfer
                      69     
0061 746E             70     mov a,#'n'
0063 117B             71     acall transfer
0065 7475             72     mov a,#'u'
0067 117B             73     acall transfer
0069 746D             74     mov a,#'m'
006B 117B             75     acall transfer
006D 7462             76     mov a,#'b'
006F 117B             77     acall transfer
0071 7465             78     mov a,#'e'
0073 117B             79     acall transfer
0075 7472             80     mov a,#'r'
0077 117B             81     acall transfer
0079 800A             82     jmp trrr
007B                  83     transfer:
007B F599             84     mov sbuf,a
007D 3099FD           85     jnb ti,$
0080 C299             86             clr ti
0082 22               87             ret
                      88             
0083                  89     pt2:
0083 41C5             90             jmp mode2
0085                  91             trrr:
                      92             ;numberselection
0085 7590FF           93             numberselection:MOV P1,#11111111B  
                      94      
0088 C290             95      CLR P1.0   
008A 209404           96          JB P1.4,ns1   
008D 7431             97          MOV A,#'1'    
008F 8024             98           jmp nf  
0091                  99              ns1:
0091 209504          100     jb p1.5,ns2       
0094 7432            101           MOV A,#'2'
0096 801D            102               jmp nf
0098                 103                ns2:
0098 209604          104                jb p1.6,ns3    
009B 7433            105           MOV A,#'3'
009D 8016            106               jmp nf
009F                 107                ns3:
                     108                
009F D290            109               setb p1.0
00A1 C291            110               clr p1.1
00A3 209404          111               jb p1.4,ns4
00A6 7434            112               mov a,#'4'
00A8 800B            113               jmp nf
                     114               
00AA                 115               ns4:
00AA C293            116               clr p1.3
00AC 209604          117               jb p1.6,n5
00AF 7423            118               mov a,#'#'
00B1 8002            119               jmp nf
00B3                 120               n5:
00B3 80D0            121               jmp numberselection
00B5                 122               nf:
00B5 FC              123               mov r4,a
A51 MACRO ASSEMBLER  U1                                                                   07/15/2021 21:38:15 PAGE     3

00B6 F599            124               mov sbuf,a
00B8 3099FD          125               jnb ti,$
00BB C299            126             clr ti
00BD 110E            127             acall delayinkeypad
00BF EC              128             mov a,r4
00C0 B43102          129             cjne a,#'1',c1
00C3 8011            130             jmp ais1
00C5                 131             c1:
00C5 B43202          132             cjne a,#'2',c2
00C8 806B            133             jmp ais2
00CA                 134             c2:
00CA B43302          135             cjne a,#'3',c3
00CD 21A1            136             jmp ais3
00CF                 137             c3:
00CF B43402          138             cjne a,#'4',c4
00D2 4131            139             jmp ais4
00D4                 140             c4:
00D4 011F            141             jmp start
                     142             
                     143             
                     144             
                     145             
                     146             
                     147             
                     148             
                     149             
                     150             
00D6                 151             ais1:
00D6 744D            152             mov a,#'M'
00D8 117B            153     acall transfer
00DA 11E2            154     acall delayfnd
00DC 11E2            155     acall delayfnd
00DE 11E2            156     acall delayfnd
00E0 800D            157     jmp ag
00E2                 158     DELAYfnd: 
00E2 7D08            159     mov r5,#8d
                     160     
00E4                 161     a1:
00E4 7EFA            162     MOV R6,#250D
00E6 7FFA            163            MOV R7,#250D
00E8 DEFE            164     LOOP1: DJNZ R6,LOOP1
00EA DFFC            165     LOOP2: DJNZ R7,LOOP1
00EC DDF6            166     LOOP3: DJNZ R5,a1
00EE 22              167     ret
00EF                 168     ag:
                     169     
                     170     
                     171     
00EF 7479            172     mov a,#'y'
00F1 117B            173     acall transfer
00F3 7420            174     mov a,#' '
00F5 117B            175     acall transfer
00F7 746E            176     mov a,#'n'
00F9 117B            177     acall transfer
00FB 7461            178     mov a,#'a'
00FD 117B            179     acall transfer
00FF 746D            180     mov a,#'m'
0101 117B            181     acall transfer
0103 7465            182     mov a,#'e'
0105 117B            183     acall transfer
0107 7420            184     mov a,#' '
0109 117B            185     acall transfer
010B 7469            186     mov a,#'i'
010D 117B            187     acall transfer
010F 7473            188     mov a,#'s'
0111 117B            189     acall transfer
A51 MACRO ASSEMBLER  U1                                                                   07/15/2021 21:38:15 PAGE     4

0113 7420            190     mov a,#' '
0115 117B            191     acall transfer
0117 7444            192     mov a,#'D'
0119 117B            193     acall transfer
011B 7461            194     mov a,#'a'
011D 117B            195     acall transfer
011F 746E            196     mov a,#'n'
0121 117B            197     acall transfer
0123 7469            198     mov a,#'i'
0125 117B            199     acall transfer
0127 7479            200     mov a,#'y'
0129 117B            201     acall transfer
012B 7461            202     mov a,#'a'
012D 117B            203     acall transfer
012F 746C            204     mov a,#'l'
0131 117B            205     acall transfer
                     206     
0133 41B7            207     jmp tcm
                     208     
                     209     
                     210     
                     211     ;i am doing serial project
0135                 212     ais2:
0135 7449            213     mov a,#'I'
0137 117B            214     acall transfer
0139 11E2            215     acall delayfnd
013B 11E2            216     acall delayfnd
013D 11E2            217     acall delayfnd
                     218     
                     219     
013F 7420            220     mov a,#' '
                     221     
0141 117B            222     acall transfer
                     223     
                     224     
0143 7461            225     mov a,#'a'
0145 117B            226     acall transfer
0147 746D            227     mov a,#'m'
0149 117B            228     acall transfer
014B 7420            229     mov a,#' '
014D 117B            230     acall transfer
014F 7464            231     mov a,#'d'
0151 117B            232     acall transfer
                     233     
0153 746F            234     mov a,#'o'
0155 117B            235     acall transfer
0157 7469            236     mov a,#'i'
0159 117B            237     acall transfer
015B 746E            238     mov a,#'n'
015D 117B            239     acall transfer
015F 7467            240     mov a,#'g'
0161 117B            241     acall transfer
0163 7420            242     mov a,#' '
0165 117B            243     acall transfer
0167 7453            244     mov a,#'S'
0169 117B            245     acall transfer
016B 7465            246     mov a,#'e'
016D 117B            247     acall transfer
016F 7472            248     mov a,#'r'
0171 117B            249     acall transfer
0173 7469            250     mov a,#'i'
0175 117B            251     acall transfer
0177 7461            252     mov a,#'a'
0179 117B            253     acall transfer
017B 746C            254     mov a,#'l'
017D 117B            255     acall transfer
A51 MACRO ASSEMBLER  U1                                                                   07/15/2021 21:38:15 PAGE     5

017F 7420            256     mov a,#' '
0181 117B            257     acall transfer
0183 7450            258     mov a,#'P'
0185 117B            259     acall transfer
0187 7472            260     mov a,#'r'
0189 117B            261     acall transfer
018B 746F            262     mov a,#'o'
018D 117B            263     acall transfer
018F 746A            264     mov a,#'j'
0191 117B            265     acall transfer
0193 7465            266     mov a,#'e'
0195 117B            267     acall transfer
0197 7463            268     mov a,#'c'
0199 117B            269     acall transfer  
019B 7474            270     mov a,#'t'
019D 117B            271     acall transfer  
019F 41B7            272     jmp tcm
                     273     
                     274     
                     275     ;this is project 2 of mi....
                     276     
                     277     
01A1                 278     ais3:
01A1 7454            279     mov a,#'T'
01A3 117B            280     acall transfer
01A5 11E2            281     acall delayfnd
01A7 11E2            282     acall delayfnd
01A9 11E2            283     acall delayfnd
                     284     
                     285     
01AB 7468            286     mov a,#'h'
                     287     
01AD 117B            288     acall transfer
                     289     
                     290     
01AF 7469            291     mov a,#'i'
01B1 117B            292     acall transfer
01B3 7473            293     mov a,#'s'
01B5 117B            294     acall transfer
01B7 7420            295     mov a,#' '
01B9 117B            296     acall transfer
01BB 7469            297     mov a,#'i'
01BD 117B            298     acall transfer
                     299     
01BF 7473            300     mov a,#'s'
01C1 117B            301     acall transfer
01C3 7420            302     mov a,#' '
01C5 117B            303     acall transfer
01C7 7450            304     mov a,#'P'
01C9 117B            305     acall transfer
01CB 7472            306     mov a,#'r'
01CD 117B            307     acall transfer
01CF 746F            308     mov a,#'o'
01D1 117B            309     acall transfer
01D3 746A            310     mov a,#'j'
01D5 117B            311     acall transfer
01D7 7465            312     mov a,#'e'
01D9 117B            313     acall transfer
01DB 7463            314     mov a,#'c'
01DD 117B            315     acall transfer
01DF 7474            316     mov a,#'t'
01E1 117B            317     acall transfer
                     318     ;mov a,#' '
                     319     ;acall transfer
01E3 7432            320     mov a,#'2'
01E5 117B            321     acall transfer
A51 MACRO ASSEMBLER  U1                                                                   07/15/2021 21:38:15 PAGE     6

                     322     ;mov a,#' '
                     323     ;acall transfer
01E7 746F            324     mov a,#'o'
01E9 117B            325     acall transfer
01EB 7466            326     mov a,#'f'
01ED 117B            327     acall transfer
01EF 7420            328     mov a,#' '
01F1 117B            329     acall transfer
01F3 744D            330     mov a,#'M'
01F5 117B            331     acall transfer
01F7 7469            332     mov a,#'i'
01F9 117B            333     acall transfer
01FB 7463            334     mov a,#'c'
01FD 117B            335     acall transfer  
01FF 7472            336     mov a,#'r'
0201 117B            337     acall transfer
0203 746F            338     mov a,#'o'
0205 117B            339     acall transfer
0207 7463            340     mov a,#'c'
0209 117B            341     acall transfer
020B 746F            342     mov a,#'o'
020D 117B            343     acall transfer
020F 746E            344     mov a,#'n'
0211 117B            345     acall transfer  
0213 7474            346     mov a,#'t'
0215 117B            347     acall transfer
0217 7472            348     mov a,#'r'
0219 117B            349     acall transfer
021B 746F            350     mov a,#'o'
021D 117B            351     acall transfer
021F 746C            352     mov a,#'l'
0221 117B            353     acall transfer
0223 746C            354     mov a,#'l'
0225 117B            355     acall transfer  
0227 7465            356     mov a,#'e'
0229 117B            357     acall transfer
022B 7472            358     mov a,#'r'
022D 117B            359     acall transfer
022F 41B7            360     jmp tcm
                     361     
                     362     
                     363     ;dept of mechatronics
0231                 364     ais4:
0231 7444            365     mov a,#'D'
0233 117B            366     acall transfer
0235 11E2            367     acall delayfnd
0237 11E2            368     acall delayfnd
0239 11E2            369     acall delayfnd
                     370     
                     371     
023B 7465            372     mov a,#'e'
                     373     
023D 117B            374     acall transfer
                     375     
                     376     
023F 7470            377     mov a,#'p'
0241 117B            378     acall transfer
0243 7474            379     mov a,#'t'
0245 117B            380     acall transfer
0247 7420            381     mov a,#' '
0249 117B            382     acall transfer
024B 746F            383     mov a,#'o'
024D 117B            384     acall transfer
                     385     
024F 7466            386     mov a,#'f'
0251 117B            387     acall transfer
A51 MACRO ASSEMBLER  U1                                                                   07/15/2021 21:38:15 PAGE     7

0253 7420            388     mov a,#' '
0255 117B            389     acall transfer
0257 744D            390     mov a,#'M'
0259 117B            391     acall transfer
025B 7465            392     mov a,#'e'
025D 117B            393     acall transfer
025F 7463            394     mov a,#'c'
0261 117B            395     acall transfer
0263 7468            396     mov a,#'h'
0265 117B            397     acall transfer
0267 7461            398     mov a,#'a'
0269 117B            399     acall transfer
026B 7474            400     mov a,#'t'
026D 117B            401     acall transfer
026F 7472            402     mov a,#'r'
0271 117B            403     acall transfer
0273 746F            404     mov a,#'o'
0275 117B            405     acall transfer
0277 746E            406     mov a,#'n'
0279 117B            407     acall transfer
027B 7469            408     mov a,#'i'
027D 117B            409     acall transfer
027F 7463            410     mov a,#'c'
0281 117B            411     acall transfer
0283 7473            412     mov a,#'s'
0285 117B            413     acall transfer
0287 7420            414     mov a,#' '
0289 117B            415     acall transfer
028B 7445            416     mov a,#'E'
028D 117B            417     acall transfer
028F 746E            418     mov a,#'n'
0291 117B            419     acall transfer
0293 7467            420     mov a,#'g'
0295 117B            421     acall transfer  
0297 7469            422     mov a,#'i'
0299 117B            423     acall transfer
029B 746E            424     mov a,#'n'
029D 117B            425     acall transfer
029F 7465            426     mov a,#'e'
02A1 117B            427     acall transfer
02A3 7465            428     mov a,#'e'
02A5 117B            429     acall transfer
02A7 7472            430     mov a,#'r'
02A9 117B            431     acall transfer  
02AB 7469            432     mov a,#'i'
02AD 117B            433     acall transfer
02AF 746E            434     mov a,#'n'
02B1 117B            435     acall transfer
02B3 7467            436     mov a,#'g'
02B5 117B            437     acall transfer
02B7                 438     tcm:
02B7                 439     DELAYforstring: 
02B7 7D0E            440     mov r5,#14d
                     441     
02B9                 442     sa1:
02B9 7EFA            443     MOV R6,#250D
02BB 7FFA            444           MOV R7,#250D
02BD DEFE            445     sLOOP1: DJNZ R6,sLOOP1
02BF DFFC            446     sLOOP2: DJNZ R7,sLOOP1
02C1 DDF6            447     sLOOP3: DJNZ R5,sa1
02C3 0149            448     jmp ast
                     449     
                     450     
                     451     
                     452     
                     453     
A51 MACRO ASSEMBLER  U1                                                                   07/15/2021 21:38:15 PAGE     8

                     454     
                     455     
                     456     ;;;;;;;;;;;;;;;;;;;;;;;;;;;;;;;;;;;;;;;;;;;;;;;;;;;;;;;;;;;;;;;;;;;;;;;;;;;;;;;;;;;;;;
                     457     
                     458     
                     459     
02C5                 460     mode2:
02C5                 461     ch:
02C5 806A            462     jmp m2s
02C7                 463     entern:
02C7 7590FF          464     MOV P1,#11111111B  
                     465      
02CA C290            466      CLR P1.0   
02CC 209404          467          JB P1.4,ms1   
02CF 7431            468          MOV A,#'1'    
02D1 805B            469           jmp mf  
02D3                 470              ms1:
02D3 209504          471     jb p1.5,ms2       
02D6 7432            472           MOV A,#'2'
02D8 8054            473               jmp mf
02DA                 474                ms2:
02DA 209604          475                jb p1.6,ms3    
02DD 7433            476           MOV A,#'3'
02DF 804D            477               jmp mf
02E1                 478                ms3:
                     479                
02E1 D290            480               setb p1.0
02E3 C291            481               clr p1.1
02E5 209404          482               jb p1.4,ms4
02E8 7434            483               mov a,#'4'
02EA 8042            484               jmp mf
                     485               
02EC                 486               ms4:
02EC 209504          487               jb p1.5,ms5
02EF 7435            488               mov a,#'5'
02F1 803B            489               jmp mf
02F3                 490               ms5:
02F3 209604          491               jb p1.6,ms6
02F6 7436            492               mov a,#'6'
02F8 8034            493               jmp mf
02FA                 494               ms6:
02FA D291            495               setb p1.1
02FC C292            496               clr p1.2
02FE 209404          497               jb p1.4,ms7
0301 7437            498               mov a,#'7'
0303 8029            499               jmp mf
0305                 500               ms7:
0305 209504          501               jb p1.5,ms8
0308 7438            502               mov a,#'8'
030A 8022            503               jmp mf
030C                 504               ms8:
030C 209604          505               jb p1.6,ms9
030F 7439            506               mov a,#'9'
0311 801B            507               jmp mf
0313                 508               ms9:
0313 D292            509               setb p1.2
0315 C293            510               clr p1.3
0317 209404          511               jb p1.4,ms10
031A 742A            512               mov a,#'*'
031C 8010            513               jmp mf
031E                 514               ms10:
031E 209504          515               jb p1.5,ms11
0321 7430            516               mov a,#'0'
0323 8009            517               jmp mf
0325                 518               ms11:
0325 209604          519               jb p1.6,ms12
A51 MACRO ASSEMBLER  U1                                                                   07/15/2021 21:38:15 PAGE     9

0328 7423            520               mov a,#'#'
032A 8002            521               jmp mf
032C                 522               ms12:
032C 8099            523               jmp entern
032E                 524               mf:
                     525               
032E 110E            526               acall delayinkeypad
0330 22              527     ret
0331                 528     m2s:
0331 51C7            529     acall entern
0333 B42A02          530     cjne a,#'*',nstar
                     531     
0336 8038            532     jmp star
0338                 533     nstar:
0338 B42302          534     cjne a,#'#',nhash
033B 011B            535     jmp start0
033D                 536     nhash:
033D F570            537     mov 70h,a
                     538     
033F 51C7            539     acall entern
0341 B42302          540     cjne a,#'#',nhash1
0344 011B            541     jmp start0
0346                 542     nhash1:
0346 F571            543     mov 71h,a
0348 51C7            544     acall entern
034A B42302          545     cjne a,#'#',nhash2
034D 011B            546     jmp start0
034F                 547     nhash2:
034F F572            548     mov 72h,a
0351 51C7            549     acall entern
0353 B42302          550     cjne a,#'#',nhash3
0356 011B            551     jmp start0
0358                 552     nhash3:
0358 F573            553     mov 73h,a
                     554     
035A E570            555     mov a,70h
035C 117B            556     acall transfer
035E 11E2            557     acall delayfnd
0360 11E2            558     acall delayfnd
                     559     
0362 E571            560     mov a,71h
                     561     
0364 117B            562     acall transfer
0366 E572            563     mov a,72h
0368 117B            564     acall transfer
036A E573            565     mov a,73h
036C 117B            566     acall transfer
036E 80C1            567     jmp m2s
0370                 568     star:
0370 7810            569     mov r0,#16
                     570     
0372                 571     star1:
0372 79FF            572     mov r1,#255
0374                 573     star11:
0374 7AFF            574     mov r2,#255
0376                 575     star111:
0376 7590FF          576     MOV P1,#11111111B  
                     577      
0379 C293            578      CLR P1.3   
037B 209504          579          JB P1.5,o1   
037E 7430            580          MOV A,#'0'    
0380 800C            581           jmp oo  
0382                 582               o1:
0382 DAF2            583               djnz r2,star111
0384 D9EE            584               djnz r1,star11
0386 D8EA            585               djnz r0,star1
A51 MACRO ASSEMBLER  U1                                                                   07/15/2021 21:38:15 PAGE    10

                     586               
                     587               
0388 742A            588     mov a,#'*'
038A 117B            589     acall transfer
038C 8130            590     jmp ok
038E                 591     oo:
                     592     
                     593     
038E 7430            594     mov a,#'0'
                     595     
0390 117B            596     acall transfer
0392 110E            597               acall delayinkeypad
                     598     
                     599     
                     600     
0394 51C7            601     acall entern
0396 B42302          602     cjne a,#'#',nhash4
0399 011B            603     jmp start0
039B                 604     nhash4:
039B F570            605     mov 70h,a
                     606     
                     607     
039D 51C7            608     acall entern
039F B42302          609     cjne a,#'#',nhash5
03A2 011B            610     jmp start0
03A4                 611     nhash5:
03A4 F571            612     mov 71h,a
                     613     
03A6 51C7            614     acall entern
03A8 B42302          615     cjne a,#'#',nhash6
03AB 011B            616     jmp start0
03AD                 617     nhash6:
03AD F572            618     mov 72h,a
                     619     
03AF 51C7            620     acall entern
03B1 B42302          621     cjne a,#'#',nhash7
03B4 011B            622     jmp start0
03B6                 623     nhash7:
03B6 F573            624     mov 73h,a
                     625     
03B8 E570            626     mov a,70h
03BA 117B            627     acall transfer
03BC 11E2            628     acall delayfnd
03BE 11E2            629     acall delayfnd
03C0 E571            630     mov a,71h
03C2 117B            631     acall transfer
03C4 E572            632     mov a,72h
03C6 117B            633     acall transfer
03C8 E573            634     mov a,73h
03CA 117B            635     acall transfer
03CC                 636     compp:
03CC E570            637     mov a,70h
03CE B5505F          638     cjne a,50h,wrong
03D1 E571            639     mov a,71h
03D3 B5515A          640     cjne a,51h,wrong
03D6 E572            641     mov a,72h
03D8 B55255          642     cjne a,52h,wrong
03DB E573            643     mov a,73h
03DD B55350          644     cjne a,53h,wrong
                     645     
                     646     
03E0 51C7            647     acall entern
03E2 B42302          648     cjne a,#'#',nhash8
03E5 011B            649     jmp start0
03E7                 650     nhash8:
03E7 F570            651     mov 70h,a
A51 MACRO ASSEMBLER  U1                                                                   07/15/2021 21:38:15 PAGE    11

03E9 51C7            652     acall entern
03EB B42302          653     cjne a,#'#',nhash9
03EE 011B            654     jmp start0
03F0                 655     nhash9:
03F0 F571            656     mov 71h,a
                     657     
03F2 51C7            658     acall entern
03F4 B42302          659     cjne a,#'#',nhash10
03F7 011B            660     jmp start0
03F9                 661     nhash10:
03F9 F572            662     mov 72h,a
                     663     
03FB 51C7            664     acall entern
03FD B42302          665     cjne a,#'#',nhash11
0400 011B            666     jmp start0
0402                 667     nhash11:
0402 F573            668     mov 73h,a
                     669     
0404 E570            670     mov a,70h
0406 117B            671     acall transfer
0408 11E2            672     acall delayfnd
040A 11E2            673     acall delayfnd
040C E571            674     mov a,71h
040E 117B            675     acall transfer
0410 E572            676     mov a,72h
0412 117B            677     acall transfer
0414 E573            678     mov a,73h
0416 117B            679     acall transfer
                     680     
0418 E570            681     mov a,70h
041A F550            682     mov 50h,a
041C E571            683     mov a,71h
041E F551            684     mov 51h,a
0420 E572            685     mov a,72h
0422 F552            686     mov 52h,a
0424 E573            687     mov a,73h
0426 F553            688     mov 53h,a
0428 110E            689     acall delayinkeypad
042A 110E            690     acall delayinkeypad
042C 110E            691     acall delayinkeypad
                     692     
042E 41C5            693     jmp ch
                     694     
                     695     
0430                 696     wrong:
                     697     ;mov a,#'@'
                     698     ;acall transfer
0430                 699     ok:
0430 41C5            700     jmp ch
                     701     
                     702     
                     703     
0432 80FE            704             jmp $   
                     705             
0434                 706             n:
                     707     
                     708     
                     709     END
A51 MACRO ASSEMBLER  U1                                                                   07/15/2021 21:38:15 PAGE    12

SYMBOL TABLE LISTING
------ ----- -------


N A M E             T Y P E  V A L U E   ATTRIBUTES

A1 . . . . . . . .  C ADDR   00E4H   A   
AG . . . . . . . .  C ADDR   00EFH   A   
AIS1 . . . . . . .  C ADDR   00D6H   A   
AIS2 . . . . . . .  C ADDR   0135H   A   
AIS3 . . . . . . .  C ADDR   01A1H   A   
AIS4 . . . . . . .  C ADDR   0231H   A   
AST. . . . . . . .  C ADDR   0049H   A   
BACK . . . . . . .  C ADDR   0024H   A   
C1 . . . . . . . .  C ADDR   00C5H   A   
C2 . . . . . . . .  C ADDR   00CAH   A   
C3 . . . . . . . .  C ADDR   00CFH   A   
C4 . . . . . . . .  C ADDR   00D4H   A   
CH . . . . . . . .  C ADDR   02C5H   A   
COMPP. . . . . . .  C ADDR   03CCH   A   
D1S. . . . . . . .  C ADDR   0012H   A   
DE1S . . . . . . .  C ADDR   0014H   A   
DELAYFND . . . . .  C ADDR   00E2H   A   
DELAYFORSTRING . .  C ADDR   02B7H   A   
DELAYINKEYPAD. . .  C ADDR   000EH   A   
DF1S . . . . . . .  C ADDR   0010H   A   
ENTERN . . . . . .  C ADDR   02C7H   A   
LOOP1. . . . . . .  C ADDR   00E8H   A   
LOOP2. . . . . . .  C ADDR   00EAH   A   
LOOP3. . . . . . .  C ADDR   00ECH   A   
M2S. . . . . . . .  C ADDR   0331H   A   
MF . . . . . . . .  C ADDR   032EH   A   
MODE2. . . . . . .  C ADDR   02C5H   A   
MS1. . . . . . . .  C ADDR   02D3H   A   
MS10 . . . . . . .  C ADDR   031EH   A   
MS11 . . . . . . .  C ADDR   0325H   A   
MS12 . . . . . . .  C ADDR   032CH   A   
MS2. . . . . . . .  C ADDR   02DAH   A   
MS3. . . . . . . .  C ADDR   02E1H   A   
MS4. . . . . . . .  C ADDR   02ECH   A   
MS5. . . . . . . .  C ADDR   02F3H   A   
MS6. . . . . . . .  C ADDR   02FAH   A   
MS7. . . . . . . .  C ADDR   0305H   A   
MS8. . . . . . . .  C ADDR   030CH   A   
MS9. . . . . . . .  C ADDR   0313H   A   
N. . . . . . . . .  C ADDR   0434H   A   
N5 . . . . . . . .  C ADDR   00B3H   A   
NEXT1. . . . . . .  C ADDR   0030H   A   
NF . . . . . . . .  C ADDR   00B5H   A   
NHASH. . . . . . .  C ADDR   033DH   A   
NHASH1 . . . . . .  C ADDR   0346H   A   
NHASH10. . . . . .  C ADDR   03F9H   A   
NHASH11. . . . . .  C ADDR   0402H   A   
NHASH2 . . . . . .  C ADDR   034FH   A   
NHASH3 . . . . . .  C ADDR   0358H   A   
NHASH4 . . . . . .  C ADDR   039BH   A   
NHASH5 . . . . . .  C ADDR   03A4H   A   
NHASH6 . . . . . .  C ADDR   03ADH   A   
NHASH7 . . . . . .  C ADDR   03B6H   A   
NHASH8 . . . . . .  C ADDR   03E7H   A   
NHASH9 . . . . . .  C ADDR   03F0H   A   
NS1. . . . . . . .  C ADDR   0091H   A   
NS2. . . . . . . .  C ADDR   0098H   A   
NS3. . . . . . . .  C ADDR   009FH   A   
NS4. . . . . . . .  C ADDR   00AAH   A   
NSTAR. . . . . . .  C ADDR   0338H   A   
A51 MACRO ASSEMBLER  U1                                                                   07/15/2021 21:38:15 PAGE    13

NUMBERSELECTION. .  C ADDR   0085H   A   
O1 . . . . . . . .  C ADDR   0382H   A   
OK . . . . . . . .  C ADDR   0430H   A   
OO . . . . . . . .  C ADDR   038EH   A   
P0 . . . . . . . .  D ADDR   0080H   A   
P1 . . . . . . . .  D ADDR   0090H   A   
PT2. . . . . . . .  C ADDR   0083H   A   
RRR. . . . . . . .  C ADDR   0037H   A   
SA1. . . . . . . .  C ADDR   02B9H   A   
SBUF . . . . . . .  D ADDR   0099H   A   
SCON . . . . . . .  D ADDR   0098H   A   
SLOOP1 . . . . . .  C ADDR   02BDH   A   
SLOOP2 . . . . . .  C ADDR   02BFH   A   
SLOOP3 . . . . . .  C ADDR   02C1H   A   
STAR . . . . . . .  C ADDR   0370H   A   
STAR1. . . . . . .  C ADDR   0372H   A   
STAR11 . . . . . .  C ADDR   0374H   A   
STAR111. . . . . .  C ADDR   0376H   A   
START. . . . . . .  C ADDR   001FH   A   
START0 . . . . . .  C ADDR   001BH   A   
TCM. . . . . . . .  C ADDR   02B7H   A   
TH1. . . . . . . .  D ADDR   008DH   A   
TI . . . . . . . .  B ADDR   0098H.1 A   
TMOD . . . . . . .  D ADDR   0089H   A   
TR1. . . . . . . .  B ADDR   0088H.6 A   
TRANSFER . . . . .  C ADDR   007BH   A   
TRRR . . . . . . .  C ADDR   0085H   A   
WRONG. . . . . . .  C ADDR   0430H   A   


REGISTER BANK(S) USED: 0 


ASSEMBLY COMPLETE.  0 WARNING(S), 0 ERROR(S)
